// Jest Snapshot v1, https://goo.gl/fbAQLP

exports[` 1`] = `
<div>
  <div>
    <header
      className="sc-bdVaJa gkupbu"
    />
  </div>
</div>
`;
